// Jest Snapshot v1, https://goo.gl/fbAQLP

exports[`ForecastLocation should match the most recent snapshot 1`] = `
<DocumentFragment>
  <div
    class="col-lg-2 col-md-2 col-sm-4 col-12"
  >
    <h2
      class="text-success"
    >
      San Francisco
    </h2>
    <p>
      3:11 PM
    </p>
  </div>
</DocumentFragment>
`;
